u	5.891	0.009	-1.623	5.051
v	16.498	8.186	5.489	18.789
pval	0.147	0.997	0.488	0.244
